{"candidate":"lo_ff7e60fc0f8d7459f47837d964aee381","edges":[{"from":"lo_ff7e60fc0f8d7459f47837d964aee381","relation":"tested-by","to":"lo_2e76ae6e8a496d675959b044602ea130"},{"from":"lo_2e76ae6e8a496d675959b044602ea130","relation":"kept-as","to":"lo_fc788167f11b7104e23de3c5d45a2f9a"}],"records":[{"id":"lo_2e76ae6e8a496d675959b044602ea130","kind":"witness","source":"replay://keep-1","content":"independent replay passed"},{"id":"lo_fc788167f11b7104e23de3c5d45a2f9a","kind":"verdict","source":"verdict://keep","content":"admission retained","outcome":"kept"},{"id":"lo_ff7e60fc0f8d7459f47837d964aee381","kind":"candidate","source":"candidate://keep","content":"keep bounded retry"}]}
{"candidate":"lo_906280fc127de4efce8e95a9ee592e27","edges":[{"from":"lo_906280fc127de4efce8e95a9ee592e27","relation":"tested-by","to":"lo_b34412f5d2ca9f083482798ff8d690ba"},{"from":"lo_b34412f5d2ca9f083482798ff8d690ba","relation":"rejected-as","to":"lo_78b66dd14f5dac5ae5e2c5b5d4e7f33f"}],"records":[{"id":"lo_78b66dd14f5dac5ae5e2c5b5d4e7f33f","kind":"verdict","source":"verdict://reject","content":"admission reverted","outcome":"rejected"},{"id":"lo_906280fc127de4efce8e95a9ee592e27","kind":"candidate","source":"candidate://reject","content":"unbounded retry"},{"id":"lo_b34412f5d2ca9f083482798ff8d690ba","kind":"witness","source":"replay://reject-1","content":"independent replay regressed"}]}
learning-observation: dangling id: from="lo_906280fc127de4efce8e95a9ee592e27" to="lo_missing"
