{"sessions":[{"trace_id":"sess-b","run":4,"budget":{"turns_left":0,"tokens_left":0},"priority":0,"pace":{"max_tokens_per_turn":0,"min_turn_gap_ms":0},"reason":"BUDGET_TURNS_EXHAUSTED","rev":9},{"trace_id":"sess-c","run":2,"budget":{"turns_left":-1,"tokens_left":-1},"priority":0,"pace":{"max_tokens_per_turn":0,"min_turn_gap_ms":0},"rev":1},{"trace_id":"sess-d","run":0,"budget":{"turns_left":-1,"tokens_left":-1},"priority":2,"pace":{"max_tokens_per_turn":512,"min_turn_gap_ms":200},"rev":3},{"trace_id":"sess-a","run":1,"budget":{"turns_left":3,"tokens_left":4096},"priority":5,"pace":{"max_tokens_per_turn":0,"min_turn_gap_ms":0},"reason":"operator-offload","rev":3}]}